<html><body><h3>Example</h3><a href='mailto:email@example.com'>email@example.com</a></body></html>